module def_prog_4 :
a := 42;
do (z > 0) -> a := 30; d := a+1; z := d * 3
od;
x := a
end
