module def_prog_3 :
a := 42;
do (z > 0) -> a := 30; d := c+1; z := d * 3
[] (b - 0 + 3 > 0) -> read c
od;
x := a
end
