module example_1 :
  read y;
  x := 0;
@programslicing="true"
  z := x / y
end
