module group81 :
x := 0;
y := 7;
z := 2;
if 
true -> skip []
true -> skip []
true -> x := x + y + z * z
fi
end
