module group31 :
total := 3;
x := 1;
do
   (x<=(total-2)) ->
      y := 1;
      do
         (y<=((total-x)-1)) ->
            ypn := 1;
            y := (y+1)
      od;
      x := (x+1)
od
end
